exports[`components:ContactUs: renders without crashing 1`] = `
<h1>
  Contact Us
</h1>
`;
