exports[`components:Home: renders without crashing 1`] = `
<h1>
  Home
</h1>
`;
