exports[`components:AgentFormFields: renders without crashing 1`] = `
<div>
  <div
    className="form-group has-feedback">
    <label
      className="col-sm-2 control-label"
      htmlFor="form-horizontal-name">
      Name
    </label>
    <div
      className="col-sm-10">
      <input
        autoFocus={undefined}
        className="form-control"
        id="form-horizontal-name"
        name="name"
        onBlur={[Function]}
        onChange={[Function]}
        onDragStart={[Function]}
        onDrop={[Function]}
        onFocus={[Function]}
        placeholder="Name"
        required={true}
        type="text"
        value="" />
    </div>
  </div>
  <div
    className="form-group has-feedback">
    <label
      className="col-sm-2 control-label"
      htmlFor="form-horizontal-description">
      Description
    </label>
    <div
      className="col-sm-10">
      <input
        autoFocus={undefined}
        className="form-control"
        id="form-horizontal-description"
        name="description"
        onBlur={[Function]}
        onChange={[Function]}
        onDragStart={[Function]}
        onDrop={[Function]}
        onFocus={[Function]}
        placeholder="Description"
        required={undefined}
        type="text"
        value="" />
    </div>
  </div>
</div>
`;
