exports[`components:EmailConfirm: renders without crashing 1`] = `
<div>
  <h1>
    Email confirm
  </h1>
  <div>
    <div
      className="alert alert-danger"
      role="alert">
      <p>
        <strong>
          That\'s weird!
        </strong>
         Something went wrong
      </p>
    </div>
    <form
      className="form-inline"
      onSubmit={[Function]}>
      <div
        className="row">
        <div
          className="col-sm-12 col-xs-12">
          <div
            className="form-group has-feedback">
            <h2>
              Request another confirmation email
            </h2>
            <div />
          </div>
        </div>
      </div>
      <div
        className="row">
        <div
          className="col-sm-3 col-xs-12">
          <div
            className="form-group has-feedback">
            <label
              className="sr-only control-label"
              htmlFor={undefined}>
              email@mail.com
            </label>
            <input
              autoFocus={undefined}
              className="form-control"
              id={undefined}
              name="email"
              onBlur={[Function]}
              onChange={[Function]}
              onDragStart={[Function]}
              onDrop={[Function]}
              onFocus={[Function]}
              placeholder="email@mail.com"
              required={undefined}
              type="email"
              value="" />
          </div>
        </div>
        <div
          className="col-sm-3 col-xs-12">
          <button
            className="btn btn-info"
            disabled={true}
            type="submit">
            Request another confirmation email
          </button>
        </div>
      </div>
    </form>
  </div>
</div>
`;
